%!Adobe-FontList 1.25
%Locale:0x80a

%BeginFont
Handler:DirectoryHandler
FontType:TrueType
FontName:Barlow-SemiBold
FamilyName:Barlow
StyleName:SemiBold
FullName:Barlow SemiBold
MenuName:Barlow SemiBold
StyleBits:0
WritingScript:Roman
OutlineFileName:F:\PLEXIZ\PENTAIR\BROCHURES\ETi 400 & 250 Heaters\ETi 400 & 250 Heaters\Heater Bounty Program\Document fonts\Barlow SemiBold.ttf
DataFormat:sfntData
hasSVG:no
hasCOLR:no
VariableFontType:NonVariableFont
FileLength:86468
FileModTime:1764024682
WeightClass:600
WidthClass:5
AngleClass:0
NameArray:0,Mac,4,Barlow SemiBold
NameArray:0,Win,1,Barlow SemiBold
NameArray:0,Win,16,Barlow
%EndFont

%BeginFont
Handler:DirectoryHandler
FontType:TrueType
FontName:BarlowCondensed-Medium
FamilyName:Barlow Condensed
StyleName:Medium
FullName:Barlow Condensed Medium
MenuName:Barlow Condensed Medium
StyleBits:0
WritingScript:Roman
OutlineFileName:F:\PLEXIZ\PENTAIR\BROCHURES\ETi 400 & 250 Heaters\ETi 400 & 250 Heaters\Heater Bounty Program\Document fonts\BarlowCondensed-Medium.ttf
DataFormat:sfntData
hasSVG:no
hasCOLR:no
VariableFontType:NonVariableFont
FileLength:97960
FileModTime:1764024682
WeightClass:500
WidthClass:3
AngleClass:0
NameArray:0,Win,1,Barlow Condensed Medium
NameArray:0,Win,16,Barlow Condensed
%EndFont

%BeginFont
Handler:DirectoryHandler
FontType:TrueType
FontName:BarlowCondensed-Regular
FamilyName:Barlow Condensed
StyleName:Regular
FullName:Barlow Condensed Regular
MenuName:Barlow Condensed
StyleBits:0
WritingScript:Roman
OutlineFileName:F:\PLEXIZ\PENTAIR\BROCHURES\ETi 400 & 250 Heaters\ETi 400 & 250 Heaters\Heater Bounty Program\Document fonts\BarlowCondensed-Regular.ttf
DataFormat:sfntData
hasSVG:no
hasCOLR:no
VariableFontType:NonVariableFont
FileLength:97132
FileModTime:1764024682
WeightClass:400
WidthClass:3
AngleClass:0
NameArray:0,Win,1,Barlow Condensed
%EndFont

%BeginFont
Handler:DirectoryHandler
FontType:TrueType
FontName:BarlowCondensed-SemiBold
FamilyName:Barlow Condensed
StyleName:SemiBold
FullName:Barlow Condensed SemiBold
MenuName:Barlow Condensed SemiBold
StyleBits:0
WritingScript:Roman
OutlineFileName:F:\PLEXIZ\PENTAIR\BROCHURES\ETi 400 & 250 Heaters\ETi 400 & 250 Heaters\Heater Bounty Program\Document fonts\BarlowCondensed-SemiBold.ttf
DataFormat:sfntData
hasSVG:no
hasCOLR:no
VariableFontType:NonVariableFont
FileLength:103856
FileModTime:1764024682
WeightClass:600
WidthClass:3
AngleClass:0
NameArray:0,Win,1,Barlow Condensed SemiBold
NameArray:0,Win,16,Barlow Condensed
%EndFont

%BeginFont
Handler:DirectoryHandler
FontType:TrueType
FontName:BarlowSemiCondensed-Bold
FamilyName:Barlow Semi Condensed
StyleName:Bold
FullName:Barlow Semi Condensed Bold
MenuName:Barlow Semi Condensed
StyleBits:2
WritingScript:Roman
OutlineFileName:F:\PLEXIZ\PENTAIR\BROCHURES\ETi 400 & 250 Heaters\ETi 400 & 250 Heaters\Heater Bounty Program\Document fonts\BarlowSemiCondensed-Bold.ttf
DataFormat:sfntData
hasSVG:no
hasCOLR:no
VariableFontType:NonVariableFont
FileLength:105576
FileModTime:1764024682
WeightClass:700
WidthClass:4
AngleClass:0
NameArray:0,Win,1,Barlow Semi Condensed
%EndFont

%BeginFont
Handler:DirectoryHandler
FontType:Type1
FontName:MinionPro-Regular
FamilyName:Minion Pro
StyleName:Regular
FullName:Minion Pro
MenuName:Minion Pro
StyleBits:0
WritingScript:Roman
OutlineFileName:F:\PLEXIZ\PENTAIR\BROCHURES\ETi 400 & 250 Heaters\ETi 400 & 250 Heaters\Heater Bounty Program\Document fonts\MinionPro-Regular.otf
DataFormat:sfntData
UsesStandardEncoding:yes
isCFF:yes
hasSVG:no
hasCOLR:no
VariableFontType:NonVariableFont
FileLength:218640
FileModTime:1764024682
WeightClass:400
WidthClass:5
AngleClass:0
DesignSize:110
NameArray:0,Mac,4,Minion Pro
NameArray:0,Win,1,Minion Pro
%EndFont

