%!Adobe-FontList 1.25
%Locale:0x80a

%BeginFont
Handler:DirectoryHandler
FontType:TrueType
FontName:Barlow-SemiBold
FamilyName:Barlow
StyleName:SemiBold
FullName:Barlow SemiBold
MenuName:Barlow SemiBold
StyleBits:0
WritingScript:Roman
OutlineFileName:F:\PLEXIZ\PENTAIR\BROCHURES\HOT DEALS\MasterTemp Max-E-Therm\Heater Bounty Program\Carpeta Heater Bounty Program-MasterTemp Max-E-Therm-esp\Document fonts\Barlow SemiBold.ttf
DataFormat:sfntData
hasSVG:no
hasCOLR:no
VariableFontType:NonVariableFont
FileLength:86468
FileModTime:1764024682
WeightClass:600
WidthClass:5
AngleClass:0
NameArray:0,Mac,4,Barlow SemiBold
NameArray:0,Win,1,Barlow SemiBold
NameArray:0,Win,16,Barlow
%EndFont

%BeginFont
Handler:DirectoryHandler
FontType:TrueType
FontName:Barlow-Bold
FamilyName:Barlow
StyleName:Bold
FullName:Barlow Bold
MenuName:Barlow
StyleBits:2
WritingScript:Roman
OutlineFileName:F:\PLEXIZ\PENTAIR\BROCHURES\HOT DEALS\MasterTemp Max-E-Therm\Heater Bounty Program\Carpeta Heater Bounty Program-MasterTemp Max-E-Therm-esp\Document fonts\Barlow-Bold.ttf
DataFormat:sfntData
hasSVG:no
hasCOLR:no
VariableFontType:NonVariableFont
FileLength:102940
FileModTime:1732213373
WeightClass:700
WidthClass:5
AngleClass:0
NameArray:0,Win,1,Barlow
%EndFont

%BeginFont
Handler:DirectoryHandler
FontType:TrueType
FontName:Barlow-Medium
FamilyName:Barlow
StyleName:Medium
FullName:Barlow Medium
MenuName:Barlow Medium
StyleBits:0
WritingScript:Roman
OutlineFileName:F:\PLEXIZ\PENTAIR\BROCHURES\HOT DEALS\MasterTemp Max-E-Therm\Heater Bounty Program\Carpeta Heater Bounty Program-MasterTemp Max-E-Therm-esp\Document fonts\Barlow-Medium.ttf
DataFormat:sfntData
hasSVG:no
hasCOLR:no
VariableFontType:NonVariableFont
FileLength:98244
FileModTime:1732213373
WeightClass:500
WidthClass:5
AngleClass:0
NameArray:0,Win,1,Barlow Medium
NameArray:0,Win,16,Barlow
%EndFont

%BeginFont
Handler:DirectoryHandler
FontType:TrueType
FontName:Barlow-Regular
FamilyName:Barlow
StyleName:Regular
FullName:Barlow Regular
MenuName:Barlow
StyleBits:0
WritingScript:Roman
OutlineFileName:F:\PLEXIZ\PENTAIR\BROCHURES\HOT DEALS\MasterTemp Max-E-Therm\Heater Bounty Program\Carpeta Heater Bounty Program-MasterTemp Max-E-Therm-esp\Document fonts\Barlow-Regular.ttf
DataFormat:sfntData
hasSVG:no
hasCOLR:no
VariableFontType:NonVariableFont
FileLength:98812
FileModTime:1732213373
WeightClass:400
WidthClass:5
AngleClass:0
NameArray:0,Win,1,Barlow
%EndFont

%BeginFont
Handler:DirectoryHandler
FontType:TrueType
FontName:BarlowCondensed-Bold
FamilyName:Barlow Condensed
StyleName:Bold
FullName:Barlow Condensed Bold
MenuName:Barlow Condensed
StyleBits:2
WritingScript:Roman
OutlineFileName:F:\PLEXIZ\PENTAIR\BROCHURES\HOT DEALS\MasterTemp Max-E-Therm\Heater Bounty Program\Carpeta Heater Bounty Program-MasterTemp Max-E-Therm-esp\Document fonts\BarlowCondensed-Bold.ttf
DataFormat:sfntData
hasSVG:no
hasCOLR:no
VariableFontType:NonVariableFont
FileLength:104316
FileModTime:1732213373
WeightClass:700
WidthClass:3
AngleClass:0
NameArray:0,Win,1,Barlow Condensed
%EndFont

%BeginFont
Handler:DirectoryHandler
FontType:TrueType
FontName:BarlowCondensed-Medium
FamilyName:Barlow Condensed
StyleName:Medium
FullName:Barlow Condensed Medium
MenuName:Barlow Condensed Medium
StyleBits:0
WritingScript:Roman
OutlineFileName:F:\PLEXIZ\PENTAIR\BROCHURES\HOT DEALS\MasterTemp Max-E-Therm\Heater Bounty Program\Carpeta Heater Bounty Program-MasterTemp Max-E-Therm-esp\Document fonts\BarlowCondensed-Medium.ttf
DataFormat:sfntData
hasSVG:no
hasCOLR:no
VariableFontType:NonVariableFont
FileLength:97960
FileModTime:1764024682
WeightClass:500
WidthClass:3
AngleClass:0
NameArray:0,Win,1,Barlow Condensed Medium
NameArray:0,Win,16,Barlow Condensed
%EndFont

%BeginFont
Handler:DirectoryHandler
FontType:TrueType
FontName:BarlowCondensed-Regular
FamilyName:Barlow Condensed
StyleName:Regular
FullName:Barlow Condensed Regular
MenuName:Barlow Condensed
StyleBits:0
WritingScript:Roman
OutlineFileName:F:\PLEXIZ\PENTAIR\BROCHURES\HOT DEALS\MasterTemp Max-E-Therm\Heater Bounty Program\Carpeta Heater Bounty Program-MasterTemp Max-E-Therm-esp\Document fonts\BarlowCondensed-Regular.ttf
DataFormat:sfntData
hasSVG:no
hasCOLR:no
VariableFontType:NonVariableFont
FileLength:97132
FileModTime:1764024682
WeightClass:400
WidthClass:3
AngleClass:0
NameArray:0,Win,1,Barlow Condensed
%EndFont

%BeginFont
Handler:DirectoryHandler
FontType:TrueType
FontName:BarlowCondensed-SemiBold
FamilyName:Barlow Condensed
StyleName:SemiBold
FullName:Barlow Condensed SemiBold
MenuName:Barlow Condensed SemiBold
StyleBits:0
WritingScript:Roman
OutlineFileName:F:\PLEXIZ\PENTAIR\BROCHURES\HOT DEALS\MasterTemp Max-E-Therm\Heater Bounty Program\Carpeta Heater Bounty Program-MasterTemp Max-E-Therm-esp\Document fonts\BarlowCondensed-SemiBold.ttf
DataFormat:sfntData
hasSVG:no
hasCOLR:no
VariableFontType:NonVariableFont
FileLength:103856
FileModTime:1764024682
WeightClass:600
WidthClass:3
AngleClass:0
NameArray:0,Win,1,Barlow Condensed SemiBold
NameArray:0,Win,16,Barlow Condensed
%EndFont

%BeginFont
Handler:DirectoryHandler
FontType:TrueType
FontName:BarlowSemiCondensed-Bold
FamilyName:Barlow Semi Condensed
StyleName:Bold
FullName:Barlow Semi Condensed Bold
MenuName:Barlow Semi Condensed
StyleBits:2
WritingScript:Roman
OutlineFileName:F:\PLEXIZ\PENTAIR\BROCHURES\HOT DEALS\MasterTemp Max-E-Therm\Heater Bounty Program\Carpeta Heater Bounty Program-MasterTemp Max-E-Therm-esp\Document fonts\BarlowSemiCondensed-Bold.ttf
DataFormat:sfntData
hasSVG:no
hasCOLR:no
VariableFontType:NonVariableFont
FileLength:105576
FileModTime:1764024682
WeightClass:700
WidthClass:4
AngleClass:0
NameArray:0,Win,1,Barlow Semi Condensed
%EndFont

%BeginFont
Handler:DirectoryHandler
FontType:Type1
FontName:BarlowSemiCondensed-Regular
FamilyName:Barlow Semi Condensed
StyleName:Regular
FullName:Barlow Semi Condensed Regular
MenuName:Barlow Semi Condensed
StyleBits:0
WritingScript:Roman
OutlineFileName:F:\PLEXIZ\PENTAIR\BROCHURES\HOT DEALS\MasterTemp Max-E-Therm\Heater Bounty Program\Carpeta Heater Bounty Program-MasterTemp Max-E-Therm-esp\Document fonts\BarlowSemiCondensed-Regular.otf
DataFormat:sfntData
UsesStandardEncoding:yes
isCFF:yes
hasSVG:no
hasCOLR:no
VariableFontType:NonVariableFont
FileLength:59212
FileModTime:1691516776
WeightClass:400
WidthClass:4
AngleClass:0
NameArray:0,Mac,4,Barlow Semi Condensed Regular
NameArray:0,Win,1,Barlow Semi Condensed
%EndFont

%BeginFont
Handler:DirectoryHandler
FontType:Type1
FontName:MinionPro-Regular
FamilyName:Minion Pro
StyleName:Regular
FullName:Minion Pro
MenuName:Minion Pro
StyleBits:0
WritingScript:Roman
OutlineFileName:F:\PLEXIZ\PENTAIR\BROCHURES\HOT DEALS\MasterTemp Max-E-Therm\Heater Bounty Program\Carpeta Heater Bounty Program-MasterTemp Max-E-Therm-esp\Document fonts\MinionPro-Regular.otf
DataFormat:sfntData
UsesStandardEncoding:yes
isCFF:yes
hasSVG:no
hasCOLR:no
VariableFontType:NonVariableFont
FileLength:218640
FileModTime:1764024682
WeightClass:400
WidthClass:5
AngleClass:0
DesignSize:110
NameArray:0,Mac,4,Minion Pro
NameArray:0,Win,1,Minion Pro
%EndFont

%BeginFont
Handler:DirectoryHandler
FontType:Type1
FontName:DINPro
FamilyName:DIN Pro
StyleName:Regular
FullName:DIN Pro
MenuName:DIN Pro Regular
StyleBits:0
WritingScript:Roman
OutlineFileName:F:\PLEXIZ\PENTAIR\BROCHURES\HOT DEALS\MasterTemp Max-E-Therm\Heater Bounty Program\Carpeta Heater Bounty Program-MasterTemp Max-E-Therm-esp\Document fonts\dinpro.otf
DataFormat:sfntData
UsesStandardEncoding:yes
isCFF:yes
hasSVG:no
hasCOLR:no
VariableFontType:NonVariableFont
FileLength:139444
FileModTime:1764024847
WeightClass:400
WidthClass:5
AngleClass:0
NameArray:0,Mac,18,DIN Pro
NameArray:0,Mac,4,DIN Pro
NameArray:0,Win,1,DIN Pro Regular
NameArray:0,Win,16,DIN Pro
%EndFont

%BeginFont
Handler:DirectoryHandler
FontType:Type1
FontName:DINPro-Light
FamilyName:DIN Pro
StyleName:Light
FullName:DIN Pro Light
MenuName:DIN Pro Light
StyleBits:0
WritingScript:Roman
OutlineFileName:F:\PLEXIZ\PENTAIR\BROCHURES\HOT DEALS\MasterTemp Max-E-Therm\Heater Bounty Program\Carpeta Heater Bounty Program-MasterTemp Max-E-Therm-esp\Document fonts\dinpro_light.otf
DataFormat:sfntData
UsesStandardEncoding:yes
isCFF:yes
hasSVG:no
hasCOLR:no
VariableFontType:NonVariableFont
FileLength:139220
FileModTime:1764024847
WeightClass:300
WidthClass:5
AngleClass:0
NameArray:0,Mac,18,DIN Pro Light
NameArray:0,Mac,4,DIN Pro Light
NameArray:0,Win,1,DIN Pro Light
NameArray:0,Win,16,DIN Pro
%EndFont

